
> fichas-rol-app@0.1.0 build
> react-scripts build

Creating an optimized production build...
Compiled successfully.

File sizes after gzip:

  903.87 kB  build\static\js\main.76093b8c.js
  56.69 kB   build\static\js\885.a1ab54ab.chunk.js
  31.22 kB   build\static\css\main.f02c242b.css
  28.91 kB   build\static\js\314.92dc303d.chunk.js
  4.41 kB    build\static\js\24.8efe4b22.chunk.js
  1.77 kB    build\static\js\453.b98f43f7.chunk.js

The bundle size is significantly larger than recommended.
Consider reducing it with code splitting: https://goo.gl/9VhYWB
You can also analyze the project dependencies: https://goo.gl/LeUzfb

The project was built assuming it is hosted at /.
You can control this with the homepage field in your package.json.

The build folder is ready to be deployed.
You may serve it with a static server:

  npm install -g serve
  serve -s build

Find out more about deployment here:

  https://cra.link/deployment

